%!Adobe-FontList 1.11
%Locale:0x1809

%BeginFont
Handler:DirectoryHandler
FontType:TrueType
FontName:Champagne&Limousines-BoldItalic
FamilyName:Champagne & Limousines
StyleName:Bold Italic
FullName:Champagne & Limousines Bold Italic
MenuName:Champagne & Limousines
StyleBits:3
WritingScript:Roman
OutlineFileName:C:\Users\IGNIS\Desktop\!WebDev\Custom\Font\Champagne & Limousines Bold Italic.ttf
DataFormat:sfntData
FileLength:106708
FileModTime:1369711284
WeightClass:700
WidthClass:5
AngleClass:1
%EndFont

%BeginFont
Handler:DirectoryHandler
FontType:TrueType
FontName:Champagne&Limousines
FamilyName:Champagne & Limousines
StyleName:Regular
FullName:Champagne & Limousines
MenuName:Champagne & Limousines
StyleBits:0
WritingScript:Roman
OutlineFileName:C:\Users\IGNIS\Desktop\!WebDev\Custom\Font\Champagne & Limousines.ttf
DataFormat:sfntData
FileLength:97672
FileModTime:1369711406
WeightClass:400
WidthClass:5
AngleClass:0
%EndFont

%BeginFont
Handler:DirectoryHandler
FontType:TrueType
FontName:ChangeTomorrowToday
FamilyName:Change Tomorrow Today
StyleName:Regular
FullName:Change Tomorrow Today
MenuName:Change Tomorrow Today
StyleBits:0
WritingScript:Roman
OutlineFileName:C:\Users\IGNIS\Desktop\!WebDev\Custom\Font\Change Tomorrow Today.ttf
DataFormat:sfntData
FileLength:204528
FileModTime:1285327180
WeightClass:400
WidthClass:5
AngleClass:0
%EndFont

%BeginFont
Handler:DirectoryHandler
FontType:TrueType
FontName:Coffee-House
FamilyName:Coffee House
StyleName:Regular
FullName:Coffee House
MenuName:Coffee House
StyleBits:0
WritingScript:Roman
OutlineFileName:C:\Users\IGNIS\Desktop\!WebDev\Custom\Font\Coffee House.ttf
DataFormat:sfntData
FileLength:172896
FileModTime:1359656170
WeightClass:400
WidthClass:5
AngleClass:0
%EndFont

%BeginFont
Handler:DirectoryHandler
FontType:TrueType
FontName:HomemadeApple
FamilyName:Homemade Apple
StyleName:Regular
FullName:Homemade Apple
MenuName:Homemade Apple
StyleBits:0
WritingScript:Roman
OutlineFileName:C:\Users\IGNIS\Desktop\!WebDev\Custom\Font\HomemadeApple.ttf
DataFormat:sfntData
FileLength:110080
FileModTime:1390883438
WeightClass:400
WidthClass:5
AngleClass:0
%EndFont

